data/aggregated/monthly/breakfast/2066200530_26973_transactions.csv
"UNITS","PRICE","BASE_PRICE","FEATURE","DISPLAY","TPR_ONLY","MONTH","YEAR","DATE"
1,6.49,6.49,0,0,0,3,2010,"1-3-2010"
8,6.49,6.49,0,0,0,4,2010,"1-4-2010"
13,6.49,6.49,0,0,0,5,2010,"1-5-2010"
18,5.99,5.99,0,0,0,6,2010,"1-6-2010"
25,5.99,5.99,0,0,0,7,2010,"1-7-2010"
7,5.99,5.99,0,0,0,8,2010,"1-8-2010"
37,5.99,5.99,0,0,0,9,2010,"1-9-2010"
18,5.99,5.99,0,0,0,10,2010,"1-10-2010"
26,6.005,6.005,0,0,0,11,2010,"1-11-2010"
39,5.566,5.966,0,0,2,12,2010,"1-12-2010"
22,5.99,5.99,0,0,0,1,2011,"1-1-2011"
25,6.015,6.015,0,0,0,2,2011,"1-2-2011"
32,5.99,5.99,0,0,0,3,2011,"1-3-2011"
21,5.99,5.99,0,0,0,4,2011,"1-4-2011"
25,5.99,5.99,0,0,0,5,2011,"1-5-2011"
35,5.99,6.39,0,1,0,6,2011,"1-6-2011"
70,4.865,6.365,2,3,0,7,2011,"1-7-2011"
37,6.226,6.226,0,0,0,8,2011,"1-8-2011"
44,5.54,6.29,0,1,1,9,2011,"1-9-2011"
28,6.34,6.34,0,0,0,10,2011,"1-10-2011"
45,6.242,6.242,0,0,0,11,2011,"1-11-2011"
13,6.49,6.49,0,0,0,12,2011,"1-12-2011"
2,6.99,6.99,0,0,0,1,2012,"1-1-2012"
